// Jest Snapshot v1, https://goo.gl/fbAQLP

exports[`Tests <GiftCard /> Should match to Snapshot 1`] = `
<div>
  <div
    class="card"
  >
    <p>
       
      Gift Card
    </p>
    <img
      alt="Gift Card"
      src="https://github.com/"
    />
  </div>
</div>
`;
